// Vitest Snapshot v1, https://vitest.dev/guide/snapshot.html

exports[`seed 1`] = `
{
  "bar": 915093660424243,
  "foo": 915093660424243,
}
`;
