// Vitest Snapshot v1, https://vitest.dev/guide/snapshot.html

exports[`seed 1`] = `
{
  "bar": 915093660424243,
  "date": 2024-07-21T00:59:22.656Z,
  "foo": 915093660424243,
  "string": {
    "date": "5507-12-25",
    "datetime": "5507-12-25T00:42:12.465Z",
    "time": "00:42:12",
  },
}
`;
